Search results:

Solution 1:
N:Int -->
-1
V:Term -->
$fn_rec g _7 => (% $fn_rec f _3 => _3) _7
