Search results:

Solution 1:
N:Int -->
-1
V:Term -->
2
