Search results:

Solution 1:
N:Int -->
-1
V:Term -->
< fn _1 => _1 * 5 >
