Search results:

Solution 1:
N:Int -->
-1
V:Term -->
fn _3 => < 8 + ~ _3 >
