Search results:

Solution 1:
N:Int -->
-1
V:Term -->
[ 0, 1, 2 ]
