Search results:

Solution 1:
N:Int -->
-1
V:Term -->
$builtin_fn ( nthArg1 ( [ (< 1 >), (< 2 >), (< 3 >) ] ) )
