Search results:

Solution 1:
V:Type -->
int
N:Int -->
0
