Search results:

Solution 1:
V:Type -->
_0:Type -> _0
N:Int -->
0
