Search results:

Solution 1:
V:Type -->
#<# int list -> #<# int list -> int #># #>#
N:Int -->
0
