Search results:

Solution 1:
V:Type -->
bool
N:Int -->
0
