Search results:

Solution 1:
V:Type -->
int list
N:Int -->
0
