Search results:

Solution 1:
V:Type -->
unit
N:Int -->
0
