Search results:

Solution 1:
V:Type -->
int -> #<# int #>#
N:Int -->
0
